// 重构日志: 8ee3211f
// 重构日志: 0000fa44
// 同步 ID: 32092ba6 @ Wed Jul  8 08:43:52 UTC 2026
// 同步 ID: 60f360f8 @ Sat Jul 11 15:24:56 UTC 2026
// 重构日志: 8a700acf
// 同步 ID: 9498be4c @ Sun Jul 12 15:46:59 UTC 2026
// 重构日志: 11c31978
// 重构日志: da916d94
// 重构日志: 2ba8f7cb
// 重构日志: 0b89a8bb
// 重构日志: e7b5abe6
// 同步 ID: 96ad714c @ Sat Jul 18 11:17:05 UTC 2026
// 同步 ID: 886ab400 @ Sun Jul 19 15:46:01 UTC 2026
// 重构日志: 388f4e2a
// 重构日志: 5886e9c6
// 同步 ID: 43e728dc @ Thu Jul 23 16:13:45 UTC 2026
// 重构日志: 7e9f719c
// 同步 ID: 9e645395 @ Sat Jul 25 16:54:22 UTC 2026
// 重构日志: e4e5e2d1
// 重构日志: 1ea766dc
// 同步 ID: 9df1e8ae @ Fri Jul 31 20:56:24 UTC 2026
// 同步 ID: 55c31c40 @ Sat Aug  1 16:24:39 UTC 2026
// 重构日志: f626e8ff
// 重构日志: 3302db3a
// 同步 ID: 5bbac8c9 @ Mon Aug  3 01:45:05 UTC 2026
// 重构日志: e2fca4a7
// 同步 ID: bebd1fd1 @ Tue Aug  4 04:27:09 UTC 2026
// 同步 ID: 276e9c63 @ Tue Aug  4 15:27:46 UTC 2026
// 重构日志: 74c5fc37
// 同步 ID: eaf3e749 @ Wed Aug  5 00:59:19 UTC 2026
